// Jest Snapshot v1, https://goo.gl/fbAQLP

exports[`Cell should render 1`] = `
<div
  className="sc-bdVaJa TPpzq"
  id="cell11"
  onClick={[Function]}
>
  test
</div>
`;
